Traceback (most recent call last):
  File "/home/kavia/workspace/code-generation/reactdjango-to-do-70191-d399c286/todo_backend_workspace/todo_backend/manage.py", line 22, in <module>
    main()
  File "/home/kavia/workspace/code-generation/reactdjango-to-do-70191-d399c286/todo_backend_workspace/todo_backend/manage.py", line 18, in main
    execute_from_command_line(sys.argv)
  File "/home/kavia/workspace/code-generation/reactdjango-to-do-70191-d399c286/todo_backend_workspace/todo_backend/venv/lib/python3.12/site-packages/django/core/management/__init__.py", line 442, in execute_from_command_line
    utility.execute()
  File "/home/kavia/workspace/code-generation/reactdjango-to-do-70191-d399c286/todo_backend_workspace/todo_backend/venv/lib/python3.12/site-packages/django/core/management/__init__.py", line 436, in execute
    self.fetch_command(subcommand).run_from_argv(self.argv)
  File "/home/kavia/workspace/code-generation/reactdjango-to-do-70191-d399c286/todo_backend_workspace/todo_backend/venv/lib/python3.12/site-packages/django/core/management/base.py", line 416, in run_from_argv
    self.execute(*args, **cmd_options)
  File "/home/kavia/workspace/code-generation/reactdjango-to-do-70191-d399c286/todo_backend_workspace/todo_backend/venv/lib/python3.12/site-packages/django/core/management/base.py", line 457, in execute
    self.check(**check_kwargs)
  File "/home/kavia/workspace/code-generation/reactdjango-to-do-70191-d399c286/todo_backend_workspace/todo_backend/venv/lib/python3.12/site-packages/django/core/management/base.py", line 492, in check
    all_issues = checks.run_checks(
                 ^^^^^^^^^^^^^^^^^^
  File "/home/kavia/workspace/code-generation/reactdjango-to-do-70191-d399c286/todo_backend_workspace/todo_backend/venv/lib/python3.12/site-packages/django/core/checks/registry.py", line 89, in run_checks
    new_errors = check(app_configs=app_configs, databases=databases)
                 ^^^^^^^^^^^^^^^^^^^^^^^^^^^^^^^^^^^^^^^^^^^^^^^^^^^
  File "/home/kavia/workspace/code-generation/reactdjango-to-do-70191-d399c286/todo_backend_workspace/todo_backend/venv/lib/python3.12/site-packages/django/core/checks/urls.py", line 136, in check_custom_error_handlers
    handler = resolver.resolve_error_handler(status_code)
              ^^^^^^^^^^^^^^^^^^^^^^^^^^^^^^^^^^^^^^^^^^^
  File "/home/kavia/workspace/code-generation/reactdjango-to-do-70191-d399c286/todo_backend_workspace/todo_backend/venv/lib/python3.12/site-packages/django/urls/resolvers.py", line 732, in resolve_error_handler
    callback = getattr(self.urlconf_module, "handler%s" % view_type, None)
                       ^^^^^^^^^^^^^^^^^^^
  File "/home/kavia/workspace/code-generation/reactdjango-to-do-70191-d399c286/todo_backend_workspace/todo_backend/venv/lib/python3.12/site-packages/django/utils/functional.py", line 47, in __get__
    res = instance.__dict__[self.name] = self.func(instance)
                                         ^^^^^^^^^^^^^^^^^^^
  File "/home/kavia/workspace/code-generation/reactdjango-to-do-70191-d399c286/todo_backend_workspace/todo_backend/venv/lib/python3.12/site-packages/django/urls/resolvers.py", line 711, in urlconf_module
    return import_module(self.urlconf_name)
           ^^^^^^^^^^^^^^^^^^^^^^^^^^^^^^^^
  File "/usr/lib/python3.12/importlib/__init__.py", line 90, in import_module
    return _bootstrap._gcd_import(name[level:], package, level)
           ^^^^^^^^^^^^^^^^^^^^^^^^^^^^^^^^^^^^^^^^^^^^^^^^^^^^
  File "<frozen importlib._bootstrap>", line 1387, in _gcd_import
  File "<frozen importlib._bootstrap>", line 1360, in _find_and_load
  File "<frozen importlib._bootstrap>", line 1331, in _find_and_load_unlocked
  File "<frozen importlib._bootstrap>", line 935, in _load_unlocked
  File "<frozen importlib._bootstrap_external>", line 995, in exec_module
  File "<frozen importlib._bootstrap>", line 488, in _call_with_frames_removed
  File "/home/kavia/workspace/code-generation/reactdjango-to-do-70191-d399c286/todo_backend_workspace/todo_backend/config/urls.py", line 25, in <module>
    path('api/', include('api.urls')),
                 ^^^^^^^^^^^^^^^^^^^
  File "/home/kavia/workspace/code-generation/reactdjango-to-do-70191-d399c286/todo_backend_workspace/todo_backend/venv/lib/python3.12/site-packages/django/urls/conf.py", line 39, in include
    urlconf_module = import_module(urlconf_module)
                     ^^^^^^^^^^^^^^^^^^^^^^^^^^^^^
  File "/usr/lib/python3.12/importlib/__init__.py", line 90, in import_module
    return _bootstrap._gcd_import(name[level:], package, level)
           ^^^^^^^^^^^^^^^^^^^^^^^^^^^^^^^^^^^^^^^^^^^^^^^^^^^^
  File "<frozen importlib._bootstrap>", line 1387, in _gcd_import
  File "<frozen importlib._bootstrap>", line 1360, in _find_and_load
  File "<frozen importlib._bootstrap>", line 1331, in _find_and_load_unlocked
  File "<frozen importlib._bootstrap>", line 935, in _load_unlocked
  File "<frozen importlib._bootstrap_external>", line 995, in exec_module
  File "<frozen importlib._bootstrap>", line 488, in _call_with_frames_removed
  File "/home/kavia/workspace/code-generation/reactdjango-to-do-70191-d399c286/todo_backend_workspace/todo_backend/api/urls.py", line 2, in <module>
    from .views import health, tasks_list_create, task_delete
  File "/home/kavia/workspace/code-generation/reactdjango-to-do-70191-d399c286/todo_backend_workspace/todo_backend/api/views.py", line 4, in <module>
    from .models import Task
  File "/home/kavia/workspace/code-generation/reactdjango-to-do-70191-d399c286/todo_backend_workspace/todo_backend/api/models.py", line 5, in <module>
    class Task(models.Model):
  File "/home/kavia/workspace/code-generation/reactdjango-to-do-70191-d399c286/todo_backend_workspace/todo_backend/venv/lib/python3.12/site-packages/django/db/models/base.py", line 136, in __new__
    raise RuntimeError(
RuntimeError: Model class api.models.Task doesn't declare an explicit app_label and isn't in an application in INSTALLED_APPS.
