
> react-kavia@0.1.0 start
> react-scripts start

(node:4670) [DEP_WEBPACK_DEV_SERVER_ON_AFTER_SETUP_MIDDLEWARE] DeprecationWarning: 'onAfterSetupMiddleware' option is deprecated. Please use the 'setupMiddlewares' option.
(Use `node --trace-deprecation ...` to show where the warning was created)
(node:4670) [DEP_WEBPACK_DEV_SERVER_ON_BEFORE_SETUP_MIDDLEWARE] DeprecationWarning: 'onBeforeSetupMiddleware' option is deprecated. Please use the 'setupMiddlewares' option.
Starting the development server...

Compiled successfully!

You can now view react-kavia in the browser.

  Local:            http://localhost:3000
  On Your Network:  http://172.17.0.2:3000

Note that the development build is not optimized.
To create a production build, use npm run build.

webpack compiled successfully
Compiling...
Compiled successfully!
webpack compiled successfully
Compiling...
Compiled with warnings.

[eslint] 
src/App.js
  Line 1:38:  'useCallback' is defined but never used  no-unused-vars
  Line 1:51:  'useRef' is defined but never used       no-unused-vars

Search for the keywords to learn more about each warning.
To ignore, add // eslint-disable-next-line to the line before.

WARNING in [eslint] 
src/App.js
  Line 1:38:  'useCallback' is defined but never used  no-unused-vars
  Line 1:51:  'useRef' is defined but never used       no-unused-vars

webpack compiled with 1 warning
Compiling...
Failed to compile.

[eslint] 
src/App.js
  Line 37:5:    'setError' is not defined  no-undef
  Line 44:7:    'setError' is not defined  no-undef
  Line 55:5:    'setError' is not defined  no-undef
  Line 68:7:    'setError' is not defined  no-undef
  Line 77:5:    'setError' is not defined  no-undef
  Line 85:7:    'setError' is not defined  no-undef
  Line 119:14:  'error' is not defined     no-undef
  Line 119:51:  'error' is not defined     no-undef

Search for the keywords to learn more about each error.
WARNING in [eslint] 
src/App.js
  Line 1:38:   'useCallback' is defined but never used                   no-unused-vars
  Line 14:10:  'actionError' is assigned a value but never used          no-unused-vars
  Line 14:23:  'setActionError' is assigned a value but never used       no-unused-vars
  Line 15:10:  'fetchError' is assigned a value but never used           no-unused-vars
  Line 15:22:  'setFetchError' is assigned a value but never used        no-unused-vars
  Line 16:10:  'pendingDeleteIds' is assigned a value but never used     no-unused-vars
  Line 16:28:  'setPendingDeleteIds' is assigned a value but never used  no-unused-vars
  Line 17:9:   'isMounted' is assigned a value but never used            no-unused-vars

ERROR in [eslint] 
src/App.js
  Line 37:5:    'setError' is not defined  no-undef
  Line 44:7:    'setError' is not defined  no-undef
  Line 55:5:    'setError' is not defined  no-undef
  Line 68:7:    'setError' is not defined  no-undef
  Line 77:5:    'setError' is not defined  no-undef
  Line 85:7:    'setError' is not defined  no-undef
  Line 119:14:  'error' is not defined     no-undef
  Line 119:51:  'error' is not defined     no-undef

Search for the keywords to learn more about each error.

webpack compiled with 1 error and 1 warning
Compiling...
Failed to compile.

[eslint] 
src/App.js
Syntax error: Identifier 'fetchTasks' has already been declared. (50:8) (50:8)
ERROR in ./src/App.js
Module build failed (from ./node_modules/babel-loader/lib/index.js):
SyntaxError: /home/kavia/workspace/code-generation/reactdjango-to-do-70191-d399c286/todo_frontend_workspace/todo_frontend/src/App.js: Identifier 'fetchTasks' has already been declared. (50:8)

  48 |   // PUBLIC_INTERFACE
  49 |   /** Fetch the list of tasks from backend */
> 50 |   const fetchTasks = async () => {
     |         ^
  51 |     setLoading(true);
  52 |     setError('');
  53 |     try {
    at constructor (/home/kavia/workspace/code-generation/reactdjango-to-do-70191-d399c286/todo_frontend_workspace/todo_frontend/node_modules/@babel/parser/lib/index.js:360:19)
    at FlowParserMixin.raise (/home/kavia/workspace/code-generation/reactdjango-to-do-70191-d399c286/todo_frontend_workspace/todo_frontend/node_modules/@babel/parser/lib/index.js:3327:19)
    at FlowScopeHandler.checkRedeclarationInScope (/home/kavia/workspace/code-generation/reactdjango-to-do-70191-d399c286/todo_frontend_workspace/todo_frontend/node_modules/@babel/parser/lib/index.js:1555:19)
    at FlowScopeHandler.declareName (/home/kavia/workspace/code-generation/reactdjango-to-do-70191-d399c286/todo_frontend_workspace/todo_frontend/node_modules/@babel/parser/lib/index.js:1521:12)
    at FlowScopeHandler.declareName (/home/kavia/workspace/code-generation/reactdjango-to-do-70191-d399c286/todo_frontend_workspace/todo_frontend/node_modules/@babel/parser/lib/index.js:1622:11)
    at FlowParserMixin.declareNameFromIdentifier (/home/kavia/workspace/code-generation/reactdjango-to-do-70191-d399c286/todo_frontend_workspace/todo_frontend/node_modules/@babel/parser/lib/index.js:7476:16)
    at FlowParserMixin.checkIdentifier (/home/kavia/workspace/code-generation/reactdjango-to-do-70191-d399c286/todo_frontend_workspace/todo_frontend/node_modules/@babel/parser/lib/index.js:7472:12)
    at FlowParserMixin.checkLVal (/home/kavia/workspace/code-generation/reactdjango-to-do-70191-d399c286/todo_frontend_workspace/todo_frontend/node_modules/@babel/parser/lib/index.js:7413:12)
    at FlowParserMixin.parseVarId (/home/kavia/workspace/code-generation/reactdjango-to-do-70191-d399c286/todo_frontend_workspace/todo_frontend/node_modules/@babel/parser/lib/index.js:13052:10)
    at FlowParserMixin.parseVarId (/home/kavia/workspace/code-generation/reactdjango-to-do-70191-d399c286/todo_frontend_workspace/todo_frontend/node_modules/@babel/parser/lib/index.js:5698:11)
    at FlowParserMixin.parseVar (/home/kavia/workspace/code-generation/reactdjango-to-do-70191-d399c286/todo_frontend_workspace/todo_frontend/node_modules/@babel/parser/lib/index.js:13027:12)
    at FlowParserMixin.parseVarStatement (/home/kavia/workspace/code-generation/reactdjango-to-do-70191-d399c286/todo_frontend_workspace/todo_frontend/node_modules/@babel/parser/lib/index.js:12874:10)
    at FlowParserMixin.parseStatementContent (/home/kavia/workspace/code-generation/reactdjango-to-do-70191-d399c286/todo_frontend_workspace/todo_frontend/node_modules/@babel/parser/lib/index.js:12489:23)
    at FlowParserMixin.parseStatementLike (/home/kavia/workspace/code-generation/reactdjango-to-do-70191-d399c286/todo_frontend_workspace/todo_frontend/node_modules/@babel/parser/lib/index.js:12406:17)
    at FlowParserMixin.parseStatementLike (/home/kavia/workspace/code-generation/reactdjango-to-do-70191-d399c286/todo_frontend_workspace/todo_frontend/node_modules/@babel/parser/lib/index.js:5140:24)
    at FlowParserMixin.parseStatementListItem (/home/kavia/workspace/code-generation/reactdjango-to-do-70191-d399c286/todo_frontend_workspace/todo_frontend/node_modules/@babel/parser/lib/index.js:12386:17)
    at FlowParserMixin.parseBlockOrModuleBlockBody (/home/kavia/workspace/code-generation/reactdjango-to-do-70191-d399c286/todo_frontend_workspace/todo_frontend/node_modules/@babel/parser/lib/index.js:12960:61)
    at FlowParserMixin.parseBlockBody (/home/kavia/workspace/code-generation/reactdjango-to-do-70191-d399c286/todo_frontend_workspace/todo_frontend/node_modules/@babel/parser/lib/index.js:12953:10)
    at FlowParserMixin.parseBlock (/home/kavia/workspace/code-generation/reactdjango-to-do-70191-d399c286/todo_frontend_workspace/todo_frontend/node_modules/@babel/parser/lib/index.js:12941:10)
    at FlowParserMixin.parseFunctionBody (/home/kavia/workspace/code-generation/reactdjango-to-do-70191-d399c286/todo_frontend_workspace/todo_frontend/node_modules/@babel/parser/lib/index.js:11783:24)
    at FlowParserMixin.parseFunctionBody (/home/kavia/workspace/code-generation/reactdjango-to-do-70191-d399c286/todo_frontend_workspace/todo_frontend/node_modules/@babel/parser/lib/index.js:5117:11)
    at FlowParserMixin.parseFunctionBodyAndFinish (/home/kavia/workspace/code-generation/reactdjango-to-do-70191-d399c286/todo_frontend_workspace/todo_frontend/node_modules/@babel/parser/lib/index.js:11769:10)
    at FlowParserMixin.parseFunctionBodyAndFinish (/home/kavia/workspace/code-generation/reactdjango-to-do-70191-d399c286/todo_frontend_workspace/todo_frontend/node_modules/@babel/parser/lib/index.js:5125:18)
    at /home/kavia/workspace/code-generation/reactdjango-to-do-70191-d399c286/todo_frontend_workspace/todo_frontend/node_modules/@babel/parser/lib/index.js:13085:12
    at FlowParserMixin.withSmartMixTopicForbiddingContext (/home/kavia/workspace/code-generation/reactdjango-to-do-70191-d399c286/todo_frontend_workspace/todo_frontend/node_modules/@babel/parser/lib/index.js:12077:14)
    at FlowParserMixin.parseFunction (/home/kavia/workspace/code-generation/reactdjango-to-do-70191-d399c286/todo_frontend_workspace/todo_frontend/node_modules/@babel/parser/lib/index.js:13084:10)
    at FlowParserMixin.parseFunctionStatement (/home/kavia/workspace/code-generation/reactdjango-to-do-70191-d399c286/todo_frontend_workspace/todo_frontend/node_modules/@babel/parser/lib/index.js:12769:17)
    at FlowParserMixin.parseStatementContent (/home/kavia/workspace/code-generation/reactdjango-to-do-70191-d399c286/todo_frontend_workspace/todo_frontend/node_modules/@babel/parser/lib/index.js:12430:21)
    at FlowParserMixin.parseStatementLike (/home/kavia/workspace/code-generation/reactdjango-to-do-70191-d399c286/todo_frontend_workspace/todo_frontend/node_modules/@babel/parser/lib/index.js:12406:17)
    at FlowParserMixin.parseStatementLike (/home/kavia/workspace/code-generation/reactdjango-to-do-70191-d399c286/todo_frontend_workspace/todo_frontend/node_modules/@babel/parser/lib/index.js:5140:24)
    at FlowParserMixin.parseModuleItem (/home/kavia/workspace/code-generation/reactdjango-to-do-70191-d399c286/todo_frontend_workspace/todo_frontend/node_modules/@babel/parser/lib/index.js:12383:17)
    at FlowParserMixin.parseBlockOrModuleBlockBody (/home/kavia/workspace/code-generation/reactdjango-to-do-70191-d399c286/todo_frontend_workspace/todo_frontend/node_modules/@babel/parser/lib/index.js:12960:36)
    at FlowParserMixin.parseBlockBody (/home/kavia/workspace/code-generation/reactdjango-to-do-70191-d399c286/todo_frontend_workspace/todo_frontend/node_modules/@babel/parser/lib/index.js:12953:10)
    at FlowParserMixin.parseProgram (/home/kavia/workspace/code-generation/reactdjango-to-do-70191-d399c286/todo_frontend_workspace/todo_frontend/node_modules/@babel/parser/lib/index.js:12280:10)
    at FlowParserMixin.parseTopLevel (/home/kavia/workspace/code-generation/reactdjango-to-do-70191-d399c286/todo_frontend_workspace/todo_frontend/node_modules/@babel/parser/lib/index.js:12270:25)
    at FlowParserMixin.parseTopLevel (/home/kavia/workspace/code-generation/reactdjango-to-do-70191-d399c286/todo_frontend_workspace/todo_frontend/node_modules/@babel/parser/lib/index.js:5909:28)
    at FlowParserMixin.parse (/home/kavia/workspace/code-generation/reactdjango-to-do-70191-d399c286/todo_frontend_workspace/todo_frontend/node_modules/@babel/parser/lib/index.js:14120:10)
    at parse (/home/kavia/workspace/code-generation/reactdjango-to-do-70191-d399c286/todo_frontend_workspace/todo_frontend/node_modules/@babel/parser/lib/index.js:14154:38)
    at parser (/home/kavia/workspace/code-generation/reactdjango-to-do-70191-d399c286/todo_frontend_workspace/todo_frontend/node_modules/@babel/core/lib/parser/index.js:41:34)
    at parser.next (<anonymous>)
    at normalizeFile (/home/kavia/workspace/code-generation/reactdjango-to-do-70191-d399c286/todo_frontend_workspace/todo_frontend/node_modules/@babel/core/lib/transformation/normalize-file.js:64:37)
    at normalizeFile.next (<anonymous>)
    at run (/home/kavia/workspace/code-generation/reactdjango-to-do-70191-d399c286/todo_frontend_workspace/todo_frontend/node_modules/@babel/core/lib/transformation/index.js:22:50)
    at run.next (<anonymous>)
    at transform (/home/kavia/workspace/code-generation/reactdjango-to-do-70191-d399c286/todo_frontend_workspace/todo_frontend/node_modules/@babel/core/lib/transform.js:22:33)
    at transform.next (<anonymous>)
    at step (/home/kavia/workspace/code-generation/reactdjango-to-do-70191-d399c286/todo_frontend_workspace/todo_frontend/node_modules/gensync/index.js:261:32)
    at /home/kavia/workspace/code-generation/reactdjango-to-do-70191-d399c286/todo_frontend_workspace/todo_frontend/node_modules/gensync/index.js:273:13
    at async.call.result.err.err (/home/kavia/workspace/code-generation/reactdjango-to-do-70191-d399c286/todo_frontend_workspace/todo_frontend/node_modules/gensync/index.js:223:11)

ERROR in [eslint] 
src/App.js
  Line 50:8:  Parsing error: Identifier 'fetchTasks' has already been declared. (50:8)

webpack compiled with 2 errors
Compiling...
Failed to compile.

[eslint] 
src/App.js
  Line 141:14:  'error' is not defined  no-undef
  Line 141:51:  'error' is not defined  no-undef

Search for the keywords to learn more about each error.
WARNING in [eslint] 
src/App.js
  Line 14:10:  'actionError' is assigned a value but never used       no-unused-vars
  Line 15:10:  'fetchError' is assigned a value but never used        no-unused-vars
  Line 16:10:  'pendingDeleteIds' is assigned a value but never used  no-unused-vars

ERROR in [eslint] 
src/App.js
  Line 141:14:  'error' is not defined  no-undef
  Line 141:51:  'error' is not defined  no-undef

Search for the keywords to learn more about each error.

webpack compiled with 1 error and 1 warning
Compiling...
Compiled successfully!
webpack compiled successfully
Compiling...
Compiled successfully!
webpack compiled successfully
